
[1m[46m RUN [49m[22m [36mv4.0.18 [39m[90mD:/GitHub Repos/lawtus.ai-web[39m

 [31m❯[39m src/__tests__/integration/email-step.test.tsx [2m([22m[2m3 tests[22m[2m | [22m[31m1 failed[39m[2m)[22m[33m 1428[2mms[22m[39m
[31m     [31m×[31m shows error for invalid email format[39m[33m 1250[2mms[22m[39m
     [32m✓[39m shows error for missing name when signing up[32m 73[2mms[22m[39m
     [32m✓[39m successfully calls onSendOtp for valid existing user[32m 101[2mms[22m[39m

[31m⎯⎯⎯⎯⎯⎯⎯[39m[1m[41m Failed Tests 1 [49m[22m[31m⎯⎯⎯⎯⎯⎯⎯[39m

[41m[1m FAIL [22m[49m src/__tests__/integration/email-step.test.tsx[2m > [22mEmailStep[2m > [22mshows error for invalid email format
[31m[1mTestingLibraryElementError[22m[39m: Unable to find an element with the text: /Please enter a valid email address/i. This could be because the text is broken up by multiple elements. In this case, you can provide a function for your text matcher to make your matcher more flexible.

Ignored nodes: comments, script, style
[36m<body>[39m
  [36m<div>[39m
    [36m<div[39m
      [33mclass[39m=[32m"space-y-6"[39m
    [36m>[39m
      [36m<div[39m
        [33mclass[39m=[32m"space-y-2 text-center"[39m
      [36m>[39m
        [36m<h2[39m
          [33mclass[39m=[32m"text-xl font-semibold tracking-tight"[39m
        [36m>[39m
          [0mWelcome back[0m
        [36m</h2>[39m
        [36m<p[39m
          [33mclass[39m=[32m"text-sm text-muted-foreground"[39m
        [36m>[39m
          [0mEnter your email to sign in[0m
        [36m</p>[39m
      [36m</div>[39m
      [36m<form[39m
        [33mclass[39m=[32m"space-y-4"[39m
      [36m>[39m
        [36m<div[39m
          [33mclass[39m=[32m"space-y-2"[39m
        [36m>[39m
          [36m<label[39m
            [33mclass[39m=[32m"flex items-center gap-2 text-sm leading-none font-medium select-none group-data-[disabled=true]:pointer-events-none group-data-[disabled=true]:opacity-50 peer-disabled:cursor-not-allowed peer-disabled:opacity-50 sr-only"[39m
            [33mdata-slot[39m=[32m"label"[39m
            [33mfor[39m=[32m"email"[39m
          [36m>[39m
            [0mEmail[0m
          [36m</label>[39m
          [36m<div[39m
            [33mclass[39m=[32m"relative"[39m
          [36m>[39m
            [36m<div>[39m
              [0mMailIcon[0m
            [36m</div>[39m
            [36m<input[39m
              [33mautocomplete[39m=[32m"email"[39m
              [33mclass[39m=[32m"w-full min-w-0 rounded-md border border-input bg-transparent px-3 py-1 text-base shadow-xs transition-[color,box-shadow] outline-none selection:bg-primary selection:text-primary-foreground file:inline-flex file:h-7 file:border-0 file:bg-transparent file:text-sm file:font-medium file:text-foreground placeholder:text-muted-foreground disabled:pointer-events-none disabled:cursor-not-allowed disabled:opacity-50 md:text-sm dark:bg-input/30 focus-visible:border-ring focus-visible:ring-[3px] focus-visible:ring-ring/50 aria-invalid:border-destructive aria-invalid:ring-destructive/20 dark:aria-invalid:ring-destructive/40 pl-10 h-11"[39m
              [33mdata-slot[39m=[32m"input"[39m
              [33mid[39m=[32m"email"[39m
              [33mplaceholder[39m=[32m"name@example.com"[39m
              [33mtype[39m=[32m"email"[39m
              [33mvalue[39m=[32m"invalid-email"[39m
            [36m/>[39m
          [36m</div>[39m
        [36m</div>[39m
        [36m<button[39m
          [33mclass[39m=[32m"inline-flex shrink-0 items-center justify-center gap-2 rounded-md text-sm font-medium whitespace-nowrap transition-all outline-none focus-visible:border-ring focus-visible:ring-[3px] focus-visible:ring-ring/50 disabled:pointer-events-none disabled:opacity-50 aria-invalid:border-destructive aria-invalid:ring-destructive/20 dark:aria-invalid:ring-destructive/40 [&_svg]:pointer-events-none [&_svg]:shrink-0 [&_svg:not([class*='size-'])]:size-4 bg-primary text-primary-foreground hover:bg-primary/90 px-4 py-2 has-[>svg]:px-3 w-full h-11"[39m
          [33mdata-size[39m=[32m"default"[39m
          [33mdata-slot[39m=[32m"button"[39m
          [33mdata-variant[39m=[32m"default"[39m
          [33mtype[39m=[32m"submit"[39m
        [36m>[39m
          [0mContinue[0m
          [36m<div>[39m
            [0mArrowRight[0m
          [36m</div>[39m
        [36m</button>[39m
      [36m</form>[39m
      [36m<p[39m
        [33mclass[39m=[32m"text-center text-sm text-muted-foreground"[39m
      [36m>[39m
        [0mDon't have an account?[0m
        [0m [0m
        [36m<button[39m
          [33mclass[39m=[32m"font-medium text-foreground underline underline-offset-4 hover:text-primary transition-colors"[39m
          [33mtype[39m=[32m"button"[39m
        [36m>[39m
          [0mSign up[0m
        [36m</button>[39m
      [36m</p>[39m
    [36m</div>[39m
  [36m</div>[39m
[36m</body>[39m

Ignored nodes: comments, script, style
[36m<html>[39m
  [36m<head />[39m
  [36m<body>[39m
    [36m<div>[39m
      [36m<div[39m
        [33mclass[39m=[32m"space-y-6"[39m
      [36m>[39m
        [36m<div[39m
          [33mclass[39m=[32m"space-y-2 text-center"[39m
        [36m>[39m
          [36m<h2[39m
            [33mclass[39m=[32m"text-xl font-semibold tracking-tight"[39m
          [36m>[39m
            [0mWelcome back[0m
          [36m</h2>[39m
          [36m<p[39m
            [33mclass[39m=[32m"text-sm text-muted-foreground"[39m
          [36m>[39m
            [0mEnter your email to sign in[0m
          [36m</p>[39m
        [36m</div>[39m
        [36m<form[39m
          [33mclass[39m=[32m"space-y-4"[39m
        [36m>[39m
          [36m<div[39m
            [33mclass[39m=[32m"space-y-2"[39m
          [36m>[39m
            [36m<label[39m
              [33mclass[39m=[32m"flex items-center gap-2 text-sm leading-none font-medium select-none group-data-[disabled=true]:pointer-events-none group-data-[disabled=true]:opacity-50 peer-disabled:cursor-not-allowed peer-disabled:opacity-50 sr-only"[39m
              [33mdata-slot[39m=[32m"label"[39m
              [33mfor[39m=[32m"email"[39m
            [36m>[39m
              [0mEmail[0m
            [36m</label>[39m
            [36m<div[39m
              [33mclass[39m=[32m"relative"[39m
            [36m>[39m
              [36m<div>[39m
                [0mMailIcon[0m
              [36m</div>[39m
              [36m<input[39m
                [33mautocomplete[39m=[32m"email"[39m
                [33mclass[39m=[32m"w-full min-w-0 rounded-md border border-input bg-transparent px-3 py-1 text-base shadow-xs transition-[color,box-shadow] outline-none selection:bg-primary selection:text-primary-foreground file:inline-flex file:h-7 file:border-0 file:bg-transparent file:text-sm file:font-medium file:text-foreground placeholder:text-muted-foreground disabled:pointer-events-none disabled:cursor-not-allowed disabled:opacity-50 md:text-sm dark:bg-input/30 focus-visible:border-ring focus-visible:ring-[3px] focus-visible:ring-ring/50 aria-invalid:border-destructive aria-invalid:ring-destructive/20 dark:aria-invalid:ring-destructive/40 pl-10 h-11"[39m
                [33mdata-slot[39m=[32m"input"[39m
                [33mid[39m=[32m"email"[39m
                [33mplaceholder[39m=[32m"name@example.com"[39m
                [33mtype[39m=[32m"email"[39m
                [33mvalue[39m=[32m"invalid-email"[39m
              [36m/>[39m
            [36m</div>[39m
          [36m</div>[39m
          [36m<button[39m
            [33mclass[39m=[32m"inline-flex shrink-0 items-center justify-center gap-2 rounded-md text-sm font-medium whitespace-nowrap transition-all outline-none focus-visible:border-ring focus-visible:ring-[3px] focus-visible:ring-ring/50 disabled:pointer-events-none disabled:opacity-50 aria-invalid:border-destructive aria-invalid:ring-destructive/20 dark:aria-invalid:ring-destructive/40 [&_svg]:pointer-events-none [&_svg]:shrink-0 [&_svg:not([class*='size-'])]:size-4 bg-primary text-primary-foreground hover:bg-primary/90 px-4 py-2 has-[>svg]:px-3 w-full h-11"[39m
            [33mdata-size[39m=[32m"default"[39m
            [33mdata-slot[39m=[32m"button"[39m
            [33mdata-variant[39m=[32m"default"[39m
            [33mtype[39m=[32m"submit"[39m
          [36m>[39m
            [0mContinue[0m
            [36m<div>[39m
              [0mArrowRight[0m
            [36m</div>[39m
          [36m</button>[39m
        [36m</form>[39m
        [36m<p[39m
          [33mclass[39m=[32m"text-center text-sm text-muted-foreground"[39m
        [36m>[39m
          [0mDon't have an account?[0m
          [0m [0m
          [36m<button[39m
            [33mclass[39m=[32m"font-medium text-foreground underline underline-offset-4 hover:text-primary transition-colors"[39m
            [33mtype[39m=[32m"button"[39m
          [36m>[39m
            [0mSign up[0m
          [36m</button>[39m
        [36m</p>[39m
      [36m</div>[39m
    [36m</div>[39m
  [36m</body>[39m
[36m</html>[39m
[90m [2m❯[22m Proxy.waitForWrapper node_modules/@testing-library/dom/dist/wait-for.js:[2m163:27[22m[39m
[36m [2m❯[22m src/__tests__/integration/email-step.test.tsx:[2m36:15[22m[39m
    [90m 34| [39m        fireEvent[33m.[39m[34mclick[39m(submitButton)
    [90m 35| [39m
    [90m 36| [39m        [35mawait[39m [34mwaitFor[39m(() [33m=>[39m {
    [90m   | [39m              [31m^[39m
    [90m 37| [39m            expect(screen.getByText(/Please enter a valid email addres…
    [90m 38| [39m            [34mexpect[39m(emailInput)[33m.[39m[34mtoHaveClass[39m([32m'border-destructive'[39m)

[31m[2m⎯⎯⎯⎯⎯⎯⎯⎯⎯⎯⎯⎯⎯⎯⎯⎯⎯⎯⎯⎯⎯⎯⎯⎯[1/1]⎯[22m[39m


[2m Test Files [22m [1m[31m1 failed[39m[22m[90m (1)[39m
[2m      Tests [22m [1m[31m1 failed[39m[22m[2m | [22m[1m[32m2 passed[39m[22m[90m (3)[39m
[2m   Start at [22m 23:33:40
[2m   Duration [22m 3.09s[2m (transform 130ms, setup 381ms, import 327ms, tests 1.43s, environment 771ms)[22m

